[214ŒŽ2026 18:40:45.598] [main/INFO] [cpw.mods.modlauncher.Launcher/MODLAUNCHER]: ModLauncher running: args [--launchTarget, forgeclientdev, --version, 21.1.227, --assetIndex, 17, --assetsDir, C:\\Users\\–F°\\.gradle\\caches\\neoformruntime\\assets, --gameDir, ., --fml.fmlVersion, 4.0.42, --fml.mcVersion, 1.21.1, --fml.neoForgeVersion, 21.1.227, --fml.neoFormVersion, 20240808.144430]
[214ŒŽ2026 18:40:45.601] [main/INFO] [cpw.mods.modlauncher.Launcher/MODLAUNCHER]: JVM identified as Eclipse Adoptium OpenJDK 64-Bit Server VM 21.0.10+7-LTS
[214ŒŽ2026 18:40:45.603] [main/INFO] [cpw.mods.modlauncher.Launcher/MODLAUNCHER]: ModLauncher 11.0.5+main.901c6ea8 starting: java version 21.0.10 by Eclipse Adoptium; OS Windows 11 arch amd64 version 10.0
[214ŒŽ2026 18:40:45.734] [main/INFO] [net.neoforged.fml.loading.ImmediateWindowHandler/]: Loading ImmediateWindowProvider fmlearlywindow
[214ŒŽ2026 18:40:45.870] [main/INFO] [EARLYDISPLAY/]: Trying GL version 4.6
[214ŒŽ2026 18:40:46.337] [main/INFO] [EARLYDISPLAY/]: Requested GL version 4.6 got version 4.6
[214ŒŽ2026 18:40:46.507] [main/INFO] [mixin/]: SpongePowered MIXIN Subsystem Version=0.8.7 Source=union:/C:/Users/–F°/.gradle/caches/modules-2/files-2.1/net.fabricmc/sponge-mixin/0.15.2+mixin.0.8.7/2af2f021d8e02a0220dc27a7a72b4666d66d44ca/sponge-mixin-0.15.2+mixin.0.8.7.jar%23138!/ Service=ModLauncher Env=CLIENT
[214ŒŽ2026 18:40:46.667] [pool-2-thread-1/INFO] [EARLYDISPLAY/]: GL info: NVIDIA GeForce RTX 3060/PCIe/SSE2 GL version 4.6.0 NVIDIA 595.79, NVIDIA Corporation
[214ŒŽ2026 18:40:47.065] [main/INFO] [net.neoforged.fml.loading.moddiscovery.locators.JarInJarDependencyLocator/]: Found 2 dependencies adding them to mods collection
[214ŒŽ2026 18:40:47.069] [main/INFO] [net.neoforged.fml.loading.moddiscovery.ModDiscoverer/]: 
     Mod List:
		Name Version (Mod Id)

		Minecraft 1.21.1 (minecraft)
		NeoForge 21.1.227 (neoforge)
		yossiikun pet health boost 0.0.2-neoforge-1.21.1 (yossiikunpethealthboost)
[214ŒŽ2026 18:40:48.296] [main/INFO] [cpw.mods.modlauncher.LaunchServiceHandler/MODLAUNCHER]: Launching target 'forgeclientdev' with arguments [--version, 21.1.227, --gameDir, ., --assetsDir, C:\Users\–F°\.gradle\caches\neoformruntime\assets, --assetIndex, 17]
[214ŒŽ2026 18:40:49.844] [Datafixer Bootstrap/INFO] [com.mojang.datafixers.DataFixerBuilder/]: 229 Datafixer optimizations took 295 milliseconds
[214ŒŽ2026 18:40:50.354] [pool-7-thread-1/INFO] [MixinExtras|Service/]: Initializing MixinExtras via com.llamalad7.mixinextras.service.MixinExtrasServiceImpl(version=0.5.3).
[214ŒŽ2026 18:40:55.020] [main/WARN] [net.minecraft.commands.Commands/]: Ambiguity between arguments [teleport, location] and [teleport, destination] with inputs: [0.1 -0.5 .9, 0 0 0]
[214ŒŽ2026 18:40:55.021] [main/WARN] [net.minecraft.commands.Commands/]: Ambiguity between arguments [teleport, location] and [teleport, targets] with inputs: [0.1 -0.5 .9, 0 0 0]
[214ŒŽ2026 18:40:55.023] [main/WARN] [net.minecraft.commands.Commands/]: Ambiguity between arguments [teleport, destination] and [teleport, targets] with inputs: [Player, 0123, @e, dd12be42-52a9-4a91-a8a1-11c01849e498]
[214ŒŽ2026 18:40:55.024] [main/WARN] [net.minecraft.commands.Commands/]: Ambiguity between arguments [teleport, targets] and [teleport, destination] with inputs: [Player, 0123, dd12be42-52a9-4a91-a8a1-11c01849e498]
[214ŒŽ2026 18:40:55.025] [main/WARN] [net.minecraft.commands.Commands/]: Ambiguity between arguments [teleport, targets, location] and [teleport, targets, destination] with inputs: [0.1 -0.5 .9, 0 0 0]
[214ŒŽ2026 18:40:55.145] [Render thread/WARN] [net.minecraft.server.packs.VanillaPackResourcesBuilder/]: Assets URL 'union:/H:/programming/minecraft/mod/neoforge/yossiikunpethealthboost-1.21.1-neoforge/build/moddev/artifacts/neoforge-21.1.227.jar%23189!/assets/.mcassetsroot' uses unexpected schema
[214ŒŽ2026 18:40:55.145] [Render thread/WARN] [net.minecraft.server.packs.VanillaPackResourcesBuilder/]: Assets URL 'union:/H:/programming/minecraft/mod/neoforge/yossiikunpethealthboost-1.21.1-neoforge/build/moddev/artifacts/neoforge-21.1.227.jar%23189!/data/.mcassetsroot' uses unexpected schema
[214ŒŽ2026 18:40:55.179] [Render thread/INFO] [com.mojang.authlib.yggdrasil.YggdrasilAuthenticationService/]: Environment: Environment[sessionHost=https://sessionserver.mojang.com, servicesHost=https://api.minecraftservices.com, name=PROD]
[214ŒŽ2026 18:40:55.199] [Render thread/INFO] [net.minecraft.client.Minecraft/]: Setting user: Dev
[214ŒŽ2026 18:40:55.337] [Render thread/INFO] [net.minecraft.client.Minecraft/]: Backend library: LWJGL version 3.3.3+5
[214ŒŽ2026 18:40:55.627] [modloading-worker-0/INFO] [net.neoforged.neoforge.common.NeoForgeMod/NEOFORGE-MOD]: NeoForge mod loading, version 21.1.227, for MC 1.21.1
[214ŒŽ2026 18:40:56.434] [Render thread/INFO] [net.neoforged.neoforge.gametest.GameTestHooks/]: Enabled Gametest Namespaces: [yossiikunpethealthboost]
[214ŒŽ2026 18:40:56.572] [Render thread/INFO] [net.minecraft.server.packs.resources.ReloadableResourceManager/]: Reloading ResourceManager: vanilla, mod_resources, mod/yossiikunpethealthboost, mod/neoforge
[214ŒŽ2026 18:40:56.708] [Worker-Main-3/INFO] [net.minecraft.client.gui.font.providers.UnihexProvider/]: Found unifont_all_no_pua-15.1.05.hex, loading
[214ŒŽ2026 18:40:56.915] [Worker-Main-10/INFO] [net.minecraft.client.gui.font.providers.UnihexProvider/]: Found unifont_jp_patch-15.1.05.hex, loading
[214ŒŽ2026 18:40:58.130] [Render thread/WARN] [net.minecraft.client.sounds.SoundEngine/]: Missing sound for event: minecraft:item.goat_horn.play
[214ŒŽ2026 18:40:58.130] [Render thread/WARN] [net.minecraft.client.sounds.SoundEngine/]: Missing sound for event: minecraft:entity.goat.screaming.horn_break
[214ŒŽ2026 18:40:58.259] [Render thread/INFO] [com.mojang.blaze3d.audio.Library/]: OpenAL initialized on device OpenAL Soft on ƒXƒs[ƒJ[ (Bose Mini II SoundLink)
[214ŒŽ2026 18:40:58.260] [Render thread/INFO] [net.minecraft.client.sounds.SoundEngine/SOUNDS]: Sound engine started
[214ŒŽ2026 18:40:58.371] [Render thread/INFO] [net.minecraft.client.renderer.texture.TextureAtlas/]: Created: 1024x512x4 minecraft:textures/atlas/blocks.png-atlas
[214ŒŽ2026 18:40:58.379] [Render thread/INFO] [net.minecraft.client.renderer.texture.TextureAtlas/]: Created: 256x256x4 minecraft:textures/atlas/signs.png-atlas
[214ŒŽ2026 18:40:58.380] [Render thread/INFO] [net.minecraft.client.renderer.texture.TextureAtlas/]: Created: 512x512x4 minecraft:textures/atlas/shield_patterns.png-atlas
[214ŒŽ2026 18:40:58.380] [Render thread/INFO] [net.minecraft.client.renderer.texture.TextureAtlas/]: Created: 512x512x4 minecraft:textures/atlas/banner_patterns.png-atlas
[214ŒŽ2026 18:40:58.380] [Render thread/INFO] [net.minecraft.client.renderer.texture.TextureAtlas/]: Created: 1024x1024x4 minecraft:textures/atlas/armor_trims.png-atlas
[214ŒŽ2026 18:40:58.383] [Render thread/INFO] [net.minecraft.client.renderer.texture.TextureAtlas/]: Created: 128x64x4 minecraft:textures/atlas/decorated_pot.png-atlas
[214ŒŽ2026 18:40:58.383] [Render thread/INFO] [net.minecraft.client.renderer.texture.TextureAtlas/]: Created: 256x256x4 minecraft:textures/atlas/chest.png-atlas
[214ŒŽ2026 18:40:58.383] [Render thread/INFO] [net.minecraft.client.renderer.texture.TextureAtlas/]: Created: 512x256x4 minecraft:textures/atlas/beds.png-atlas
[214ŒŽ2026 18:40:58.383] [Render thread/INFO] [net.minecraft.client.renderer.texture.TextureAtlas/]: Created: 512x256x4 minecraft:textures/atlas/shulker_boxes.png-atlas
[214ŒŽ2026 18:40:58.604] [Render thread/INFO] [net.minecraft.client.renderer.texture.TextureAtlas/]: Created: 512x256x0 minecraft:textures/atlas/particles.png-atlas
[214ŒŽ2026 18:40:58.605] [Render thread/INFO] [net.minecraft.client.renderer.texture.TextureAtlas/]: Created: 512x256x0 minecraft:textures/atlas/paintings.png-atlas
[214ŒŽ2026 18:40:58.606] [Render thread/INFO] [net.minecraft.client.renderer.texture.TextureAtlas/]: Created: 256x128x0 minecraft:textures/atlas/mob_effects.png-atlas
[214ŒŽ2026 18:40:58.606] [Render thread/INFO] [net.minecraft.client.renderer.texture.TextureAtlas/]: Created: 64x64x0 minecraft:textures/atlas/map_decorations.png-atlas
[214ŒŽ2026 18:40:58.606] [Render thread/INFO] [net.minecraft.client.renderer.texture.TextureAtlas/]: Created: 1024x512x0 minecraft:textures/atlas/gui.png-atlas
[214ŒŽ2026 18:40:58.628] [Render thread/WARN] [net.minecraft.client.renderer.ShaderInstance/]: Shader rendertype_entity_translucent_emissive could not find sampler named Sampler2 in the specified shader program.
[214ŒŽ2026 18:40:58.683] [Render thread/INFO] [net.neoforged.neoforge.client.entity.animation.json.AnimationLoader/]: Loaded 0 entity animations
[214ŒŽ2026 18:41:02.922] [Render thread/WARN] [net.neoforged.neoforge.common.CommonHooks/WP]: The following mods have version differences that were not resolved:
yossiikunpethealthboost (version 1.0.0 -> 0.0.2-neoforge-1.21.1)
Things may not work well.
[214ŒŽ2026 18:41:03.794] [Render thread/INFO] [net.minecraft.world.item.crafting.RecipeManager/]: Loaded 1290 recipes
[214ŒŽ2026 18:41:03.951] [Render thread/INFO] [net.minecraft.advancements.AdvancementTree/]: Loaded 1399 advancements
[214ŒŽ2026 18:41:04.352] [Server thread/INFO] [net.minecraft.client.server.IntegratedServer/]: Starting integrated minecraft server version 1.21.1
[214ŒŽ2026 18:41:04.352] [Server thread/INFO] [net.minecraft.server.MinecraftServer/]: Generating keypair
[214ŒŽ2026 18:41:05.342] [Server thread/INFO] [net.minecraft.server.MinecraftServer/]: Preparing start region for dimension minecraft:overworld
[214ŒŽ2026 18:41:05.602] [progressListener/INFO] [net.minecraft.server.level.progress.LoggerChunkProgressListener/]: Preparing spawn area: 0%
[214ŒŽ2026 18:41:05.761] [Server thread/INFO] [net.neoforged.neoforge.server.permission.PermissionAPI/]: Successfully initialized permission handler neoforge:default_handler
[214ŒŽ2026 18:41:05.766] [progressListener/INFO] [net.minecraft.server.level.progress.LoggerChunkProgressListener/]: Time elapsed: 408 ms
[214ŒŽ2026 18:41:05.841] [Server thread/INFO] [net.minecraft.client.server.IntegratedServer/]: Changing view distance to 12, from 10
[214ŒŽ2026 18:41:05.841] [Server thread/INFO] [net.minecraft.client.server.IntegratedServer/]: Changing simulation distance to 12, from 0
[214ŒŽ2026 18:41:06.561] [Server thread/INFO] [net.minecraft.server.players.PlayerList/]: Dev[local:E:7f89ec22] logged in with entity id 67 at (-77.35464460152434, 66.0, 72.31014738324467)
[214ŒŽ2026 18:41:06.635] [Server thread/INFO] [net.minecraft.server.MinecraftServer/]: Dev joined the game
[214ŒŽ2026 18:41:06.777] [Render thread/INFO] [net.minecraft.advancements.AdvancementTree/]: Loaded 45 advancements
[214ŒŽ2026 18:41:09.901] [Server thread/INFO] [com.yossiikun.pethealthboost.YossiikunPetHealthBoost/]: Boost applied to pet: Wolf
[214ŒŽ2026 18:41:10.891] [Server thread/INFO] [com.yossiikun.pethealthboost.YossiikunPetHealthBoost/]: Boost applied to pet: Wolf
[214ŒŽ2026 18:41:10.891] [Server thread/INFO] [com.yossiikun.pethealthboost.YossiikunPetHealthBoost/]: Boost applied to pet: Wolf
[214ŒŽ2026 18:41:10.891] [Server thread/INFO] [com.yossiikun.pethealthboost.YossiikunPetHealthBoost/]: Boost applied to pet: Wolf
[214ŒŽ2026 18:41:10.891] [Server thread/INFO] [com.yossiikun.pethealthboost.YossiikunPetHealthBoost/]: Boost applied to pet: Wolf
[214ŒŽ2026 18:41:21.964] [Server thread/INFO] [net.minecraft.client.server.IntegratedServer/]: Saving and pausing game...
[214ŒŽ2026 18:41:21.984] [Server thread/INFO] [net.minecraft.server.MinecraftServer/]: Saving chunks for level 'ServerLevel[New World]'/minecraft:overworld
[214ŒŽ2026 18:41:22.003] [Server thread/INFO] [net.minecraft.server.MinecraftServer/]: Saving chunks for level 'ServerLevel[New World]'/minecraft:the_nether
[214ŒŽ2026 18:41:22.003] [Server thread/INFO] [net.minecraft.server.MinecraftServer/]: Saving chunks for level 'ServerLevel[New World]'/minecraft:the_end
[214ŒŽ2026 18:41:41.664] [Server thread/INFO] [net.minecraft.client.server.IntegratedServer/]: Saving and pausing game...
[214ŒŽ2026 18:41:41.674] [Server thread/INFO] [net.minecraft.server.MinecraftServer/]: Saving chunks for level 'ServerLevel[New World]'/minecraft:overworld
[214ŒŽ2026 18:41:41.685] [Server thread/INFO] [net.minecraft.server.MinecraftServer/]: Saving chunks for level 'ServerLevel[New World]'/minecraft:the_nether
[214ŒŽ2026 18:41:41.685] [Server thread/INFO] [net.minecraft.server.MinecraftServer/]: Saving chunks for level 'ServerLevel[New World]'/minecraft:the_end
[214ŒŽ2026 18:41:44.590] [Render thread/INFO] [net.minecraft.client.Minecraft/]: Stopping!
[214ŒŽ2026 18:41:44.619] [Server thread/INFO] [net.minecraft.server.network.ServerGamePacketListenerImpl/]: Dev lost connection: Disconnected
[214ŒŽ2026 18:41:44.619] [Server thread/INFO] [net.minecraft.server.MinecraftServer/]: Dev left the game
[214ŒŽ2026 18:41:44.630] [Server thread/INFO] [net.minecraft.server.network.ServerCommonPacketListenerImpl/]: Stopping singleplayer server as player logged out
[214ŒŽ2026 18:41:44.663] [Server thread/INFO] [net.minecraft.server.MinecraftServer/]: Stopping server
[214ŒŽ2026 18:41:44.663] [Server thread/INFO] [net.minecraft.server.MinecraftServer/]: Saving players
[214ŒŽ2026 18:41:44.663] [Server thread/INFO] [net.minecraft.server.MinecraftServer/]: Saving worlds
[214ŒŽ2026 18:41:44.778] [Server thread/INFO] [net.minecraft.server.MinecraftServer/]: Saving chunks for level 'ServerLevel[New World]'/minecraft:overworld
[214ŒŽ2026 18:41:44.939] [Server thread/INFO] [net.minecraft.server.MinecraftServer/]: Saving chunks for level 'ServerLevel[New World]'/minecraft:the_nether
[214ŒŽ2026 18:41:44.945] [Server thread/INFO] [net.minecraft.server.MinecraftServer/]: Saving chunks for level 'ServerLevel[New World]'/minecraft:the_end
[214ŒŽ2026 18:41:44.960] [Server thread/INFO] [net.minecraft.server.MinecraftServer/]: ThreadedAnvilChunkStorage (New World): All chunks are saved
[214ŒŽ2026 18:41:44.960] [Server thread/INFO] [net.minecraft.server.MinecraftServer/]: ThreadedAnvilChunkStorage (DIM-1): All chunks are saved
[214ŒŽ2026 18:41:44.960] [Server thread/INFO] [net.minecraft.server.MinecraftServer/]: ThreadedAnvilChunkStorage (DIM1): All chunks are saved
[214ŒŽ2026 18:41:44.960] [Server thread/INFO] [net.minecraft.server.MinecraftServer/]: ThreadedAnvilChunkStorage: All dimensions are saved
